Γû▓ Next.js 16.1.5 (Turbopack, Cache Components)
- Environments: .env.local
- Experiments (use with caution):
  ┬╖ serverActions

  Creating an optimized production build ...
Γ£ô Compiled successfully in 10.5s
  Running TypeScript ...
  Collecting page data using 11 workers ...
  Generating static pages using 11 workers (0/43) ...
  Generating static pages using 11 workers (10/43) 
  Generating static pages using 11 workers (21/43) 
  Generating static pages using 11 workers (32/43) 
Γ£ô Generating static pages using 11 workers (43/43) in 1081.9ms
  Finalizing page optimization ...

Route (app)
Γöî Γùï /
Γö£ Γùï /_not-found
Γö£ ╞Æ /api/geography
Γö£ ╞Æ /api/line/webhook
Γö£ ╞Æ /api/order/session
Γö£ ╞Æ /api/push/subscription
Γö£ ΓùÉ /billing
Γö£ ΓùÉ /billing/print
Γö£ ΓùÉ /dashboard
Γö£ Γùï /dashboard/settings
Γö£ Γùï /dashboard/settings/customers
Γö£ Γùï /dashboard/settings/products
Γö£ ΓùÉ /delivery
Γö£ Γùï /delivery/mockup
Γö£ ΓùÉ /delivery/print
Γö£ ΓùÉ /login
Γö£ Γùï /manifest.webmanifest
Γö£ Γùï /offline
Γö£ ΓùÉ /order
Γö£ ΓùÉ /orders/delivery-notes/[id]
Γöé Γöö /orders/delivery-notes/[id]
Γö£ ΓùÉ /orders/delivery-notes/preview
Γö£ ΓùÉ /orders/incoming
Γö£ ΓùÉ /orders/packing-list
Γö£ ΓùÉ /reports/delivery-notes
Γö£ ΓùÉ /reports/product-sales
Γö£ ΓùÉ /reports/sales-overview
Γö£ Γùï /reports/sales-overview/mockup
Γö£ ΓùÉ /reports/store-sales
Γö£ ΓùÉ /settings
Γö£ ΓùÉ /settings/customer-data
Γö£ ΓùÉ /settings/customers
Γö£ ΓùÉ /settings/customers/pricing
Γö£ ΓùÉ /settings/order-window
Γö£ ΓùÉ /settings/products
Γö£ ΓùÉ /settings/stock
Γö£ ΓùÉ /settings/suppliers
Γö£ ΓùÉ /settings/vehicles
Γö£ ΓùÉ /stock
Γö£ ΓùÉ /stock/history
Γö£ ΓùÉ /stock/issues
Γöö ΓùÉ /stock/movements


╞Æ Proxy (Middleware)

Γùï  (Static)             prerendered as static content
ΓùÉ  (Partial Prerender)  prerendered as static HTML with dynamic server-streamed content
╞Æ  (Dynamic)            server-rendered on demand

